// Jest Snapshot v1, https://goo.gl/fbAQLP

exports[`run page renders correctly 1`] = `
<main
  className="container"
>
  <div
    className="content"
  >
    <div
      className="arrow"
    >
      <button
        aria-label="back"
        onClick={[Function]}
        type="button"
      >
        <svg
          fill="currentColor"
          height="1em"
          stroke="currentColor"
          strokeWidth="0"
          style={
            Object {
              "color": undefined,
            }
          }
          viewBox="0 0 20 20"
          width="1em"
          xmlns="http://www.w3.org/2000/svg"
        >
          <path
            clipRule="evenodd"
            d="M7.707 14.707a1 1 0 01-1.414 0l-4-4a1 1 0 010-1.414l4-4a1 1 0 011.414 1.414L5.414 9H17a1 1 0 110 2H5.414l2.293 2.293a1 1 0 010 1.414z"
            fillRule="evenodd"
          />
        </svg>
      </button>
    </div>
    <span
      className="content__title"
    >
      SET YOUR GOAL FOR TODAY
    </span>
    <div
      className="content__inputs"
    >
      <div
        className="input"
      >
        <button
          className="input__btn_add"
          onClick={[Function]}
          type="button"
        >
          +
        </button>
        <div
          className="input__display"
        >
          0
        </div>
        <button
          className="input__btn_sub"
          onClick={[Function]}
          type="button"
        >
          -
        </button>
      </div>
      <div
        className="input"
      >
        <button
          className="input__btn_add"
          data-testid="plusOneKm"
          onClick={[Function]}
          type="button"
        >
          +
        </button>
        <div
          className="input__display"
        >
          0
        </div>
        <button
          className="input__btn_sub"
          onClick={[Function]}
          type="button"
        >
          -
        </button>
      </div>
      <div
        className="dot"
      >
        <p>
          .
        </p>
      </div>
      <div
        className="input"
      >
        <button
          className="input__btn_add"
          onClick={[Function]}
          type="button"
        >
          +
        </button>
        <div
          className="input__display"
        >
          0
        </div>
        <button
          className="input__btn_sub"
          onClick={[Function]}
          type="button"
        >
          -
        </button>
      </div>
      <div
        className="input"
      >
        <button
          className="input__btn_add"
          onClick={[Function]}
          type="button"
        >
          +
        </button>
        <div
          className="input__display"
        >
          0
        </div>
        <button
          className="input__btn_sub"
          onClick={[Function]}
          type="button"
        >
          -
        </button>
      </div>
      <div
        className="measure"
      >
        Km
      </div>
    </div>
    <button
      className="btn"
      onClick={[Function]}
      type="button"
    >
      Start Running Session
    </button>
  </div>
</main>
`;
